/gscratch/cheme/agolan/miniconda3/envs/contrastive_ml/lib/python3.10/site-packages/umap/__init__.py:36: UserWarning: pkg_resources is deprecated as an API. See https://setuptools.pypa.io/en/latest/pkg_resources.html. The pkg_resources package is slated for removal as early as 2025-11-30. Refrain from using this package or pin to Setuptools<81.
  import pkg_resources
/gscratch/cheme/agolan/miniconda3/envs/contrastive_ml/lib/python3.10/site-packages/torch/utils/data/dataloader.py:626: UserWarning: This DataLoader will create 2 worker processes in total. Our suggested max number of worker in current system is 1, which is smaller than what this DataLoader is going to create. Please be aware that excessive worker creation might get DataLoader running slow or even freeze, lower the worker number to avoid potential slowness/freeze if necessary.
  warnings.warn(
/gscratch/cheme/agolan/miniconda3/envs/contrastive_ml/lib/python3.10/site-packages/torch/_compile.py:51: UserWarning: optimizer contains a parameter group with duplicate parameters; in future, this will cause an error; see github.com/pytorch/pytorch/issues/40967 for more information
  return disable_fn(*args, **kwargs)
Traceback (most recent call last):
  File "/mmfs1/gscratch/cheme/agolan/saffron/scripts/supconloss_test_old.py", line 429, in <module>
    val_accuracy, val_loss, train_loss = train(
  File "/mmfs1/gscratch/cheme/agolan/saffron/scripts/supconloss_test_old.py", line 245, in train
    model.to(device)
  File "/gscratch/cheme/agolan/miniconda3/envs/contrastive_ml/lib/python3.10/site-packages/torch/nn/modules/module.py", line 1355, in to
    return self._apply(convert)
  File "/gscratch/cheme/agolan/miniconda3/envs/contrastive_ml/lib/python3.10/site-packages/torch/nn/modules/module.py", line 915, in _apply
    module._apply(fn)
  File "/gscratch/cheme/agolan/miniconda3/envs/contrastive_ml/lib/python3.10/site-packages/torch/nn/modules/module.py", line 915, in _apply
    module._apply(fn)
  File "/gscratch/cheme/agolan/miniconda3/envs/contrastive_ml/lib/python3.10/site-packages/torch/nn/modules/module.py", line 942, in _apply
    param_applied = fn(param)
  File "/gscratch/cheme/agolan/miniconda3/envs/contrastive_ml/lib/python3.10/site-packages/torch/nn/modules/module.py", line 1341, in convert
    return t.to(
RuntimeError: CUDA error: CUDA-capable device(s) is/are busy or unavailable
CUDA kernel errors might be asynchronously reported at some other API call, so the stacktrace below might be incorrect.
For debugging consider passing CUDA_LAUNCH_BLOCKING=1
Compile with `TORCH_USE_CUDA_DSA` to enable device-side assertions.

